2015-09-09 20:58:19,092:DEBUG:Start the program
2015-09-09 20:58:19,093:INFO:Doing something
2015-09-09 20:58:19,093:WARNING:Dying now
